<html>
<body>
<pre>
<h1>µVision Build Log</h1>
<h2>Tool Versions:</h2>
IDE-Version: µVision V5.37.0.0
Copyright (C) 2022 ARM Ltd and ARM Germany GmbH. All rights reserved.
License Information: RAHUL PRASAD, BITS, LIC=----
 
Tool Versions:
Toolchain:       MDK-Lite  Version: 5.37.0.0
Toolchain Path:  C:\Keil_v5\ARM\ARMCLANG\Bin
C Compiler:      ArmClang.exe V6.18
Assembler:       Armasm.exe V6.18
Linker/Locator:  ArmLink.exe V6.18
Library Manager: ArmAr.exe V6.18
Hex Converter:   FromElf.exe V6.18
CPU DLL:         SARMCM3.DLL V5.37.0.0
Dialog DLL:      DCM.DLL V1.17.5.0
Target DLL:      STLink\ST-LINKIII-KEIL_SWO.dll V3.0.9.0
Dialog DLL:      TCM.DLL V1.56.1.0
 
<h2>Project:</h2>
C:\Users\rahul\Desktop\Desktop_Clutter\ESD\Project\esd_project.uvprojx
Project File Date:  12/07/2022

<h2>Output:</h2>
*** Using Compiler 'V6.18', folder: 'C:\Keil_v5\ARM\ARMCLANG\Bin'
Rebuild target 'Target 1'
compiling system_stm32f4xx.c...
assembling startup_stm32f407xx.s...
I2C_Config.c(45): warning: implicit conversion loses integer precision: 'unsigned int' to 'uint8_t' (aka 'unsigned char') [-Wimplicit-int-conversion]
        uint8_t temp = I2C1->SR1 | I2C1->SR2; //read SR1 and SR2 to clear ADDR bit
                ~~~~   ~~~~~~~~~~^~~~~~~~~~~
I2C_Config.c(45): warning: mixing declarations and code is incompatible with standards before C99 [-Wdeclaration-after-statement]
        uint8_t temp = I2C1->SR1 | I2C1->SR2; //read SR1 and SR2 to clear ADDR bit
                ^
I2C_Config.c(45): warning: unused variable 'temp' [-Wunused-variable]
I2C_Config.c(72): warning: implicit conversion loses integer precision: 'unsigned int' to 'uint8_t' (aka 'unsigned char') [-Wimplicit-int-conversion]
                uint8_t temp = I2C1->SR1|I2C1->SR2;
                        ~~~~   ~~~~~~~~~^~~~~~~~~~
I2C_Config.c(76): warning: implicit conversion loses integer precision: 'volatile uint32_t' (aka 'volatile unsigned int') to 'uint8_t' (aka 'unsigned char') [-Wimplicit-int-conversion]
                buffer[size-remaining] = I2C1->DR;
                                       ~ ~~~~~~^~
I2C_Config.c(72): warning: mixing declarations and code is incompatible with standards before C99 [-Wdeclaration-after-statement]
                uint8_t temp = I2C1->SR1|I2C1->SR2;
                        ^
I2C_Config.c(72): warning: unused variable 'temp' [-Wunused-variable]
I2C_Config.c(82): warning: implicit conversion loses integer precision: 'unsigned int' to 'uint8_t' (aka 'unsigned char') [-Wimplicit-int-conversion]
                uint8_t temp = I2C1->SR1|I2C1->SR2;
                        ~~~~   ~~~~~~~~~^~~~~~~~~~
I2C_Config.c(86): warning: implicit conversion loses integer precision: 'volatile uint32_t' (aka 'volatile unsigned int') to 'uint8_t' (aka 'unsigned char') [-Wimplicit-int-conversion]
                        buffer[size-remaining] = I2C1->DR;
                                               ~ ~~~~~~^~
I2C_Config.c(91): warning: implicit conversion loses integer precision: 'volatile uint32_t' (aka 'volatile unsigned int') to 'uint8_t' (aka 'unsigned char') [-Wimplicit-int-conversion]
                buffer[size-remaining] = I2C1->DR;
                                       ~ ~~~~~~^~
I2C_Config.c(96): warning: implicit conversion loses integer precision: 'volatile uint32_t' (aka 'volatile unsigned int') to 'uint8_t' (aka 'unsigned char') [-Wimplicit-int-conversion]
                buffer[size-remaining] = I2C1->DR;
                                       ~ ~~~~~~^~
I2C_Config.c(82): warning: mixing declarations and code is incompatible with standards before C99 [-Wdeclaration-after-statement]
                uint8_t temp = I2C1->SR1|I2C1->SR2;
                        ^
I2C_Config.c(82): warning: unused variable 'temp' [-Wunused-variable]
13 warnings generated.
compiling I2C_Config.c...
compiling UART_Config.c...
compiling SysClockConfig.c...
main.c(24): warning: implicit conversion loses integer precision: 'int' to 'uint16_t' (aka 'unsigned short') [-Wimplicit-int-conversion]
  IR = (temp[0]<<8) | temp[1];    // Combine values to get the actual number
     ~ ~~~~~~~~~~~~~^~~~~~~~~
main.c(25): warning: implicit conversion loses integer precision: 'int' to 'uint16_t' (aka 'unsigned short') [-Wimplicit-int-conversion]
  RED = (temp[2]<<8) | temp[3];   // Combine values to get the actual number
      ~ ~~~~~~~~~~~~~^~~~~~~~~
main.c(21): warning: mixing declarations and code is incompatible with standards before C99 [-Wdeclaration-after-statement]
        uint8_t temp[4];  // Temporary buffer for read values
                ^
main.c(100): warning: mixing declarations and code is incompatible with standards before C99 [-Wdeclaration-after-statement]
                uint32_t delay=1000000;
                         ^
4 warnings generated.
compiling main.c...
linking...
Program Size: Code=2432 RO-data=408 RW-data=0 ZI-data=1648  
".\Objects\esd_project.axf" - 0 Error(s), 17 Warning(s).

<h2>Software Packages used:</h2>

Package Vendor: ARM
                http://www.keil.com/pack/ARM.CMSIS.5.9.0.pack
                ARM.CMSIS.5.9.0
                CMSIS (Common Microcontroller Software Interface Standard)
   * Component: CORE Version: 5.6.0

Package Vendor: Keil
                http://www.keil.com/pack/Keil.STM32F4xx_DFP.2.16.0.pack
                Keil.STM32F4xx_DFP.2.16.0
                STMicroelectronics STM32F4 Series Device Support, Drivers and Examples
   * Component: Startup Version: 2.6.3

<h2>Collection of Component include folders:</h2>
  ./RTE/_Target_1
  C:/Users/rahul/AppData/Local/Arm/Packs/ARM/CMSIS/5.9.0/CMSIS/Core/Include
  C:/Users/rahul/AppData/Local/Arm/Packs/Keil/STM32F4xx_DFP/2.16.0/Drivers/CMSIS/Device/ST/STM32F4xx/Include

<h2>Collection of Component Files used:</h2>

   * Component: ARM::CMSIS:CORE:5.6.0

   * Component: Keil::Device:Startup:2.6.3
      Include file:  Drivers/CMSIS/Device/ST/STM32F4xx/Include/stm32f4xx.h
      Source file:   MDK/Device/Source/ARM/STM32F4xx_OTP.s
      Source file:   Drivers/CMSIS/Device/ST/STM32F4xx/Source/Templates/arm/startup_stm32f407xx.s
      Source file:   MDK/Device/Source/ARM/STM32F40xxx_41xxx_OPT.s
      Source file:   Drivers/CMSIS/Device/ST/STM32F4xx/Source/Templates/system_stm32f4xx.c
Build Time Elapsed:  00:00:01
</pre>
</body>
</html>
